<div>
  <div
    class="card flex items-center gap-2 px-4 py-3 text-sm text-gray-600"
  >
    <svg
      aria-hidden="true"
      class="lucide lucide-circle-alert"
      fill="none"
      height="16"
      stroke="currentColor"
      stroke-linecap="round"
      stroke-linejoin="round"
      stroke-width="2"
      viewBox="0 0 24 24"
      width="16"
      xmlns="http://www.w3.org/2000/svg"
    >
      <circle
        cx="12"
        cy="12"
        r="10"
      />
      <line
        x1="12"
        x2="12"
        y1="8"
        y2="12"
      />
      <line
        x1="12"
        x2="12.01"
        y1="16"
        y2="16"
      />
    </svg>
    Batch not found or still loading.
  </div>
</div>